// 同步 ID: a9a12d69 @ Sat Jul 25 15:21:59 UTC 2026
// 重构日志: 78c8bc8f
// 同步 ID: dce9ffcd @ Sat Jul 25 18:06:16 UTC 2026
// 重构日志: 15f9d104
// 重构日志: 0f66ba17
// 重构日志: e3fe48d4
// 同步 ID: 57eae5d7 @ Mon Jul 27 17:21:33 UTC 2026
// 同步 ID: 4fc7a3b6 @ Tue Jul 28 08:13:47 UTC 2026
// 重构日志: b25230ad
// 同步 ID: e798d120 @ Wed Jul 29 08:20:00 UTC 2026
// 重构日志: 737f7d89
// 重构日志: cab618fc
// 重构日志: 8973b619
// 同步 ID: 71386f05 @ Thu Jul 30 13:08:57 UTC 2026
// 重构日志: 3a6cc621
// 重构日志: 5d1d8204
// 重构日志: f2fe03ee
// 重构日志: 9e685e14
// 同步 ID: 8ef263fa @ Sat Aug  1 05:03:27 UTC 2026
// 重构日志: 058fc3ea
// 重构日志: 1bad1e92
// 同步 ID: 4825ae63 @ Sun Aug  2 08:27:33 UTC 2026
// 重构日志: f2ff489a
// 重构日志: 24fee531
// 重构日志: 16f680f5
// 同步 ID: 0ce0d9c2 @ Sun Aug  2 23:00:53 UTC 2026
// 重构日志: 5a208dd9
// 同步 ID: 3869001c @ Mon Aug  3 08:51:07 UTC 2026
// 同步 ID: d04a2241 @ Wed Aug  5 22:13:25 UTC 2026
// 同步 ID: 88679ab4 @ Thu Aug  6 13:58:18 UTC 2026
